0 verbose cli /usr/bin/node /usr/bin/npm
1 info using npm@11.12.1
2 info using node@v22.22.0
3 silly config load:file:/usr/lib/node_modules/npm/npmrc
4 silly config load:file:/home/benmurray/Projects/cli/packages/epochcli/dist/epochcli-ai-windows-x64-baseline/.npmrc
5 silly config load:file:/home/benmurray/.npmrc
6 silly config load:file:/home/benmurray/.npm-global/etc/npmrc
7 verbose title npm publish
8 verbose argv "publish" "--tag" "latest" "--access" "public"
9 verbose logfile logs-max:10 dir:/home/benmurray/.npm/_logs/2026-04-12T08_59_37_050Z-
10 verbose logfile /home/benmurray/.npm/_logs/2026-04-12T08_59_37_050Z-debug-0.log
11 silly logfile start cleaning logs, removing 1 files
12 verbose publish [ '.' ]
13 silly logfile done cleaning log files
14 silly packumentCache heap:4345298944 maxSize:1086324736 maxEntrySize:543162368
15 notice
16 notice 📦  epochcli-ai-windows-x64-baseline@2.1.1
17 notice Tarball Contents
18 notice 161.3MB bin/epochcli.exe
18 notice 123B package.json
19 notice Tarball Details
20 notice name: epochcli-ai-windows-x64-baseline
21 notice version: 2.1.1
22 notice filename: epochcli-ai-windows-x64-baseline-2.1.1.tgz
23 notice package size: 51.0 MB
24 notice unpacked size: 161.3 MB
25 notice shasum: 9517d7fa18c18caeeea8f6a6ff2cbd49e8c988c0
26 notice integrity: sha512-wvlY0QpG6jYyS[...]nuoARIXWJDxQQ==
27 notice total files: 2
28 notice
29 http fetch GET 404 https://registry.npmjs.org/epochcli-ai-windows-x64-baseline 339ms (cache skip)
30 http fetch GET 404 https://registry.npmjs.org/epochcli-ai-windows-x64-baseline 37ms (cache skip)
31 notice Publishing to https://registry.npmjs.org/ with tag latest and public access
32 http fetch PUT https://registry.npmjs.org/epochcli-ai-windows-x64-baseline attempt 1 failed with 429
33 http fetch PUT https://registry.npmjs.org/epochcli-ai-windows-x64-baseline attempt 2 failed with 429
34 http fetch PUT https://registry.npmjs.org/epochcli-ai-windows-x64-baseline attempt 3 failed with 429
35 http fetch PUT 429 https://registry.npmjs.org/epochcli-ai-windows-x64-baseline 190022ms attempt #3
36 verbose stack HttpErrorGeneral: 429 Too Many Requests - PUT https://registry.npmjs.org/epochcli-ai-windows-x64-baseline - Could not publish, as user undefined: rate limited exceeded
36 verbose stack     at /usr/lib/node_modules/npm/node_modules/npm-registry-fetch/lib/check-response.js:103:15
36 verbose stack     at process.processTicksAndRejections (node:internal/process/task_queues:105:5)
36 verbose stack     at async publish (/usr/lib/node_modules/npm/node_modules/libnpmpublish/lib/publish.js:53:15)
36 verbose stack     at async otplease (/usr/lib/node_modules/npm/lib/utils/auth.js:8:12)
36 verbose stack     at async #publish (/usr/lib/node_modules/npm/lib/commands/publish.js:182:7)
36 verbose stack     at async Publish.exec (/usr/lib/node_modules/npm/lib/commands/publish.js:45:5)
36 verbose stack     at async Npm.exec (/usr/lib/node_modules/npm/lib/npm.js:193:9)
36 verbose stack     at async module.exports (/usr/lib/node_modules/npm/lib/cli/entry.js:67:5)
37 verbose statusCode 429
38 verbose pkgid epochcli-ai-windows-x64-baseline@2.1.1
39 error code E429
40 error 429 Too Many Requests - PUT https://registry.npmjs.org/epochcli-ai-windows-x64-baseline - Could not publish, as user undefined: rate limited exceeded
41 verbose cwd /home/benmurray/Projects/cli/packages/epochcli/dist/epochcli-ai-windows-x64-baseline
42 verbose os Linux 6.11.0-25-generic
43 verbose node v22.22.0
44 verbose npm  v11.12.1
45 verbose exit 1
46 verbose code 1
47 error A complete log of this run can be found in: /home/benmurray/.npm/_logs/2026-04-12T08_59_37_050Z-debug-0.log
