0 verbose cli /usr/bin/node /usr/bin/npm
1 info using npm@11.12.1
2 info using node@v22.22.0
3 silly config load:file:/usr/lib/node_modules/npm/npmrc
4 silly config load:file:/home/benmurray/Projects/cli/packages/epochcli/dist/epochcli-ai-linux-x64/.npmrc
5 silly config load:file:/home/benmurray/.npmrc
6 silly config load:file:/home/benmurray/.npm-global/etc/npmrc
7 verbose title npm publish
8 verbose argv "publish" "--access" "public" "--tag" "latest"
9 verbose logfile logs-max:10 dir:/home/benmurray/.npm/_logs/2026-04-12T12_04_25_182Z-
10 verbose logfile /home/benmurray/.npm/_logs/2026-04-12T12_04_25_182Z-debug-0.log
11 silly logfile start cleaning logs, removing 1 files
12 verbose publish [ '.' ]
13 silly logfile done cleaning log files
14 silly packumentCache heap:4345298944 maxSize:1086324736 maxEntrySize:543162368
15 notice
16 notice 📦  epochcli-ai-linux-x64@2.1.1
17 notice Tarball Contents
18 notice 149.3MB bin/epochcli
18 notice 112B package.json
19 notice Tarball Details
20 notice name: epochcli-ai-linux-x64
21 notice version: 2.1.1
22 notice filename: epochcli-ai-linux-x64-2.1.1.tgz
23 notice package size: 48.7 MB
24 notice unpacked size: 149.3 MB
25 notice shasum: 37bd6b5b65b48060c2abda8f338a408c3ccb45f4
26 notice integrity: sha512-0dBvT5r5Txbr3[...]1FH0JAN08oOfA==
27 notice total files: 2
28 notice
29 http fetch GET 404 https://registry.npmjs.org/epochcli-ai-linux-x64 138ms (cache skip)
30 http fetch GET 404 https://registry.npmjs.org/epochcli-ai-linux-x64 37ms (cache skip)
31 notice Publishing to https://registry.npmjs.org/ with tag latest and public access
32 http fetch PUT 404 https://registry.npmjs.org/epochcli-ai-linux-x64 41002ms
33 verbose stack HttpErrorGeneral: 404 Not Found - PUT https://registry.npmjs.org/epochcli-ai-linux-x64 - Not found
33 verbose stack     at /usr/lib/node_modules/npm/node_modules/npm-registry-fetch/lib/check-response.js:103:15
33 verbose stack     at process.processTicksAndRejections (node:internal/process/task_queues:105:5)
33 verbose stack     at async publish (/usr/lib/node_modules/npm/node_modules/libnpmpublish/lib/publish.js:53:15)
33 verbose stack     at async otplease (/usr/lib/node_modules/npm/lib/utils/auth.js:8:12)
33 verbose stack     at async #publish (/usr/lib/node_modules/npm/lib/commands/publish.js:182:7)
33 verbose stack     at async Publish.exec (/usr/lib/node_modules/npm/lib/commands/publish.js:45:5)
33 verbose stack     at async Npm.exec (/usr/lib/node_modules/npm/lib/npm.js:193:9)
33 verbose stack     at async module.exports (/usr/lib/node_modules/npm/lib/cli/entry.js:67:5)
34 verbose statusCode 404
35 verbose pkgid epochcli-ai-linux-x64@2.1.1
36 error code E404
37 error 404 Not Found - PUT https://registry.npmjs.org/epochcli-ai-linux-x64 - Not found
38 error 404
39 error 404  The requested resource 'epochcli-ai-linux-x64@2.1.1' could not be found or you do not have permission to access it.
40 error 404
41 error 404 Note that you can also install from a
42 error 404 tarball, folder, http url, or git url.
43 verbose cwd /home/benmurray/Projects/cli/packages/epochcli/dist/epochcli-ai-linux-x64
44 verbose os Linux 6.11.0-25-generic
45 verbose node v22.22.0
46 verbose npm  v11.12.1
47 verbose exit 1
48 verbose code 1
49 error A complete log of this run can be found in: /home/benmurray/.npm/_logs/2026-04-12T12_04_25_182Z-debug-0.log
